<soapenv:Envelope xmlns:soapenv="http://schemas.xmlsoap.org/soap/envelope/" xmlns:ns="urn://x-artefacts-smev-gov-ru/services/message-exchange/types/1.1" xmlns:ns1="urn://x-artefacts-smev-gov-ru/services/message-exchange/types/basic/1.1">
  <soapenv:Body>
    <ns:GetResponseRequest>
      <ns1:MessageTypeSelector Id="SIGNED_BY_CALLER">
        <ns1:NamespaceURI>http://kvs.pfr.com/snils-by-additionalData/1.0.1</ns1:NamespaceURI>
        <ns1:RootElementLocalName>SnilsByAdditionalDataResponse</ns1:RootElementLocalName>
        <ns1:Timestamp>2020-10-30T15:35:00.000+03:00</ns1:Timestamp>
      </ns1:MessageTypeSelector>
      <ns:CallerInformationSystemSignature>
      </ns:CallerInformationSystemSignature>
    </ns:GetResponseRequest>
  </soapenv:Body>
</soapenv:Envelope>
